GET self.path=/report/create?type=Lost parsed=/report/create
GET self.path=/report/create?type=Lost parsed=/report/create
GET self.path=/login?next=/report/create%3Ftype%3DLost parsed=/login
GET self.path=/report/create?type=Lost parsed=/report/create
GET self.path=/login?next=/report/create%3Ftype%3DLost parsed=/login
GET self.path=/styles.css parsed=/styles.css
GET self.path=/report/create?type=Lost parsed=/report/create
GET self.path=/styles.css parsed=/styles.css
GET self.path=/styles.css parsed=/styles.css
GET self.path=/report/create parsed=/report/create
GET self.path=/report/create parsed=/report/create
GET self.path=/report/create?type=Lost parsed=/report/create
GET self.path=/login parsed=/login
GET self.path=/report/create parsed=/report/create
GET self.path=/styles.css parsed=/styles.css
GET self.path=/login?next=/report/create parsed=/login
GET self.path=/report/create?type=Lost parsed=/report/create
GET self.path=/report/create?type=Lost parsed=/report/create
GET self.path=/login?next=/report/create?type=Lost4 parsed=/login
GET self.path=/styles.css parsed=/styles.css
GET self.path=/report/create?type=Lost4 parsed=/report/create
GET self.path=/styles.css parsed=/styles.css
GET self.path=/ parsed=/
GET self.path=/styles.css parsed=/styles.css
GET self.path=/report/create?type=Lost parsed=/report/create
GET self.path=/report/create?type=Lost parsed=/report/create
GET self.path=/report/create?type=Lost parsed=/report/create
GET self.path=/login?next=/report/create%3Ftype%3DLost parsed=/login
GET self.path=/styles.css parsed=/styles.css
GET self.path=/report/create?type=Lost parsed=/report/create
GET self.path=/report/create?type=Lost parsed=/report/create
GET self.path=/report/create?type=Lost parsed=/report/create
GET self.path=/report/create?type=Lost parsed=/report/create
GET self.path=/report/create?type=Lost parsed=/report/create
GET self.path=/report/create parsed=/report/create
GET self.path=/login?next=/report/create parsed=/login
GET self.path=/styles.css parsed=/styles.css
GET self.path=/login?next=/report/create?type=Lost parsed=/login
GET self.path=/styles.css parsed=/styles.css
GET self.path=/login?next=/report/create?type=Lost parsed=/login
GET self.path=/login?next=/report/create?type=Lost parsed=/login
GET self.path=/report/create?type=Lost parsed=/report/create
GET self.path=/report/create?type=Lost parsed=/report/create
GET self.path=/styles.css parsed=/styles.css
GET self.path=/login?next=/report/create?type=Lost parsed=/login
GET self.path=/login?next=/report/create?type=Lost parsed=/login
GET self.path=/styles.css parsed=/styles.css
GET self.path=/report/create?type=Lost parsed=/report/create
GET self.path=/styles.css parsed=/styles.css
GET self.path=/report/create?type=Lost parsed=/report/create
GET self.path=/styles.css parsed=/styles.css
GET self.path=/login?next=/report/create?type=Lost parsed=/login
GET self.path=/styles.css parsed=/styles.css
GET self.path=/report/create?type=Lost parsed=/report/create
GET self.path=/styles.css parsed=/styles.css
GET self.path=/styles.css parsed=/styles.css
GET self.path=/report/create?type=Lost parsed=/report/create
GET self.path=/login?next=/report/create%3Ftype%3DLost parsed=/login
GET self.path=/styles.css parsed=/styles.css
GET self.path=/report/create?type=Lost parsed=/report/create
GET self.path=/styles.css parsed=/styles.css
GET self.path=/report?id=e746abb3-b4da-44a7-bf00-4f3297c702cb parsed=/report
GET self.path=/styles.css parsed=/styles.css
GET self.path=/ parsed=/
GET self.path=/styles.css parsed=/styles.css
GET self.path=/login parsed=/login
GET self.path=/styles.css parsed=/styles.css
GET self.path=/dashboard parsed=/dashboard
GET self.path=/styles.css parsed=/styles.css
GET self.path=/report/create?type=Lost parsed=/report/create
GET self.path=/styles.css parsed=/styles.css
GET self.path=/report?id=4000c50a-7881-4767-97cd-e3c32576453b parsed=/report
GET self.path=/styles.css parsed=/styles.css
GET self.path=/uploads/d7eb6bff-d810-44bc-aca1-4ae2a352470a.jpg parsed=/uploads/d7eb6bff-d810-44bc-aca1-4ae2a352470a.jpg
GET self.path=/dashboard parsed=/dashboard
GET self.path=/styles.css parsed=/styles.css
GET self.path=/uploads/d7eb6bff-d810-44bc-aca1-4ae2a352470a.jpg parsed=/uploads/d7eb6bff-d810-44bc-aca1-4ae2a352470a.jpg
GET self.path=/dashboard parsed=/dashboard
GET self.path=/styles.css parsed=/styles.css
GET self.path=/login parsed=/login
GET self.path=/styles.css parsed=/styles.css
GET self.path=/styles.css parsed=/styles.css
GET self.path=/dashboard parsed=/dashboard
GET self.path=/styles.css parsed=/styles.css
GET self.path=/uploads/d7eb6bff-d810-44bc-aca1-4ae2a352470a.jpg parsed=/uploads/d7eb6bff-d810-44bc-aca1-4ae2a352470a.jpg
